â”ƒ [90m[3mBlockquotes can also be nested...[23m[39m
â”ƒ [90m[3mâ”ƒ [90m[3m...by using additional greater-than signs right next to each other...[3m[90m[23m[39m
â”ƒ [90m[3mâ”ƒ [90m[3mâ”ƒ [90m[3m...or with spaces between arrows.[3m[90m[3m[90m[23m[39m

â”ƒ [90m[3mSome quote[23m[39m
â”ƒ [90m[3mand more[23m[39m

â”ƒ [90m[3mâ”ƒ [90m[3mAnother quote[3m[90m[23m[39m

â”ƒ [90m[3mSome quote[23m[39m
â”ƒ [90m[3mwith [1mbold[22m and [7m block [27m[23m[39m
â”ƒ [90m[3mâ”ƒ [90m[3mand Another quote[3m[90m[23m[39m
â”ƒ [90m[3mâ”ƒ [90m[3mâ”ƒ [90m[3mâ”ƒ [90m[3m[35m[1m#### and some more quote[22m[90m[3m[90m[3m[90m[3m[90m[23m[39m
