[36m[Deno](https://deno.land)[39m
[36m[Bottom](#bottom)[39m
[36m[3m[LinkReference][23m[39m

[90m[3m[36m[LinkReference][90m: [](https://deno.land/x)
[23m[39m
[36m[link with title](https://deno.land)[39m
Autoconverted link https://deno.land
