Inline [7m code [27m [3m[7m italics [27m[23m [1m[7m bold [27m[22m [3m[1m[7m both [27m[22m[23m

[47m[30m[3m codeblock [23m[39m[37m         [39m[49m
[100m [49m[100m[90m                   [39m[49m
[100m[90m  [39m[49m[100m[30m[3m// Some comments[23m[39m[49m[100m[90m  [39m[49m
[100m[90m  [39m[49m[100m[30m[3mline 1 of code[23m[39m[49m[100m[90m    [39m[49m
[100m[90m  [39m[49m[100m[30m[3mline 2 of code[23m[39m[49m[100m[90m    [39m[49m
[100m[90m  [39m[49m[100m[30m[3mline 3 of code[23m[39m[49m[100m[90m    [39m[49m
[100m [49m[100m[90m                   [39m[49m

[47m[30m[3m codeblock [23m[39m[37m            [39m[49m
[100m [49m[100m[90m                      [39m[49m
[100m[90m  [39m[49m[100m[30m[3mSample text here...[23m[39m[49m[100m[90m  [39m[49m
[100m [49m[100m[90m                      [39m[49m

[47m[30m[3m codeblock [ts][23m[39m[37m                                      [39m[49m
[100m [49m[100m[90m                                                    [39m[49m
[100m[90m  [39m[49m[100m[30m[3mfunction sum(...nums: number[]): number {[23m[39m[49m[100m[90m          [39m[49m
[100m[90m  [39m[49m[100m[30m[3m  return nums.reduce((sum, num) => sum + num, 0);[23m[39m[49m[100m[90m  [39m[49m
[100m[90m  [39m[49m[100m[30m[3m}[23m[39m[49m[100m[90m                                                  [39m[49m
[100m [49m[100m[90m                                                    [39m[49m
