[1m[4m[31m# h1 Heading[39m[24m[22m

[1m[4m[31m# h1 Heading with [7m === [27m[39m[24m[22m

[33m[1m## h2 Heading[22m[39m

[33m[1m## h2 Heading with [7m --- [27m[22m[39m

[32m[1m### h3 Heading[22m[39m

[35m[1m#### h4 Heading[22m[39m

[36m[1m##### h5 Heading[22m[39m

[34m[1m###### h6 Heading[22m[39m
