[0m________________________________________________________________________________[0m

[0m________________________________________________________________________________[0m

[0m________________________________________________________________________________[0m

[0m________________________________________________________________________________[0m

[0m________________________________________________________________________________[0m
